test_git_snapshot_uses_real_local_commits (test_adversarial.AdditionalIntegrity.test_git_snapshot_uses_real_local_commits) ... ok
test_reduced_github_dependencies_preserve_reachability (test_adversarial.AdditionalIntegrity.test_reduced_github_dependencies_preserve_reachability) ... ok
test_rendered_issues_match_plan (test_adversarial.AdditionalIntegrity.test_rendered_issues_match_plan) ... ok
test_sealing_known_proof_hashes (test_adversarial.AdditionalIntegrity.test_sealing_known_proof_hashes) ... ok
test_sealing_never_promotes_status (test_adversarial.AdditionalIntegrity.test_sealing_never_promotes_status) ... ok
test_inherited_cycle_rejected (test_adversarial.InheritedPrerequisites.test_inherited_cycle_rejected) ... ok
test_task_cannot_drop_parent_entry_gate (test_adversarial.InheritedPrerequisites.test_task_cannot_drop_parent_entry_gate) ... ok
test_bad_children_returns_diagnostic (test_adversarial.PlanHardening.test_bad_children_returns_diagnostic) ... ok
test_cross_node_criterion_id_rejected (test_adversarial.PlanHardening.test_cross_node_criterion_id_rejected) ... ok
test_empty_write_pattern_rejected (test_adversarial.PlanHardening.test_empty_write_pattern_rejected) ... ok
test_missing_requirements_rejected (test_adversarial.PlanHardening.test_missing_requirements_rejected) ... ok
test_orphan_task_rejected (test_adversarial.PlanHardening.test_orphan_task_rejected) ... ok
test_steps_must_be_string_array (test_adversarial.PlanHardening.test_steps_must_be_string_array) ... ok
test_surface_wrong_shape_rejected (test_adversarial.PlanHardening.test_surface_wrong_shape_rejected) ... ok
test_unsafe_exclusion_rejected (test_adversarial.PlanHardening.test_unsafe_exclusion_rejected) ... ok
test_contract_output_is_still_source (test_adversarial.ProofLifecycle.test_contract_output_is_still_source) ... ok
test_every_required_performance_task_names_its_gates (test_adversarial.ProofLifecycle.test_every_required_performance_task_names_its_gates) ... ok
test_native_gates_are_scoped_to_owner (test_adversarial.ProofLifecycle.test_native_gates_are_scoped_to_owner) ... ok
test_writing_receipt_does_not_invalidate_source (test_adversarial.ProofLifecycle.test_writing_receipt_does_not_invalidate_source) ... ok
test_artifact_content_change_rejected (test_adversarial.ReceiptHardening.test_artifact_content_change_rejected) ... ok
test_build_mismatch_rejected (test_adversarial.ReceiptHardening.test_build_mismatch_rejected) ... ok
test_changed_contract_rejected (test_adversarial.ReceiptHardening.test_changed_contract_rejected) ... ok
test_empty_artifact_rejected (test_adversarial.ReceiptHardening.test_empty_artifact_rejected) ... ok
test_evidence_failure_not_removed_by_hash (test_adversarial.ReceiptHardening.test_evidence_failure_not_removed_by_hash) ... ok
test_expected_failure_must_be_boolean (test_adversarial.ReceiptHardening.test_expected_failure_must_be_boolean) ... ok
test_gate_coverage_required (test_adversarial.ReceiptHardening.test_gate_coverage_required) ... ok
test_invalid_category_enum_rejected (test_adversarial.ReceiptHardening.test_invalid_category_enum_rejected) ... ok
test_mandatory_native_not_applicable_rejected (test_adversarial.ReceiptHardening.test_mandatory_native_not_applicable_rejected) ... ok
test_metrics_not_json_rejected (test_adversarial.ReceiptHardening.test_metrics_not_json_rejected) ... ok
test_missing_categories_rejected (test_adversarial.ReceiptHardening.test_missing_categories_rejected) ... ok
test_missing_native_decision_rejected (test_adversarial.ReceiptHardening.test_missing_native_decision_rejected) ... ok
test_negative_only_commands_not_sufficient (test_adversarial.ReceiptHardening.test_negative_only_commands_not_sufficient) ... ok
test_nonstring_head_diagnostic (test_adversarial.ReceiptHardening.test_nonstring_head_diagnostic) ... ok
test_null_head_diagnostic (test_adversarial.ReceiptHardening.test_null_head_diagnostic) ... ok
test_old_schema_rejected (test_adversarial.ReceiptHardening.test_old_schema_rejected) ... ok
test_path_outside_write_scope_rejected (test_adversarial.ReceiptHardening.test_path_outside_write_scope_rejected) ... ok
test_paths_changed_field_required (test_adversarial.ReceiptHardening.test_paths_changed_field_required) ... ok
test_review_pass_required (test_adversarial.ReceiptHardening.test_review_pass_required) ... ok
test_review_wrong_revision_rejected (test_adversarial.ReceiptHardening.test_review_wrong_revision_rejected) ... ok
test_text_named_screenshot_rejected (test_adversarial.ReceiptHardening.test_text_named_screenshot_rejected) ... ok
test_valid_fixture_remains_explicitly_synthetic (test_adversarial.ReceiptHardening.test_valid_fixture_remains_explicitly_synthetic) ... ok
test_absent_or_divergent_commit_rejected (test_adversarial.SourceFreshness.test_absent_or_divergent_commit_rejected) ... ok
test_changed_read_source_is_stale (test_adversarial.SourceFreshness.test_changed_read_source_is_stale) ... ok
test_final_release_watches_all_product_packages (test_adversarial.SourceFreshness.test_final_release_watches_all_product_packages) ... ok
test_uncommitted_source_is_stale (test_adversarial.SourceFreshness.test_uncommitted_source_is_stale) ... ok
test_unrelated_docs_change_not_stale (test_adversarial.SourceFreshness.test_unrelated_docs_change_not_stale) ... ok
test_cycle_including_aggregate (test_contract.ContractTests.test_cycle_including_aggregate) ... ok
test_duplicate_id (test_contract.ContractTests.test_duplicate_id) ... ok
test_empty_axiom (test_contract.ContractTests.test_empty_axiom) ... ok
test_exclusive_known_hotspots (test_contract.ContractTests.test_exclusive_known_hotspots) ... ok
test_missing_axiom (test_contract.ContractTests.test_missing_axiom) ... ok
test_reference_hash_is_verified (test_contract.ContractTests.test_reference_hash_is_verified) ... ok
test_unknown_dependency (test_contract.ContractTests.test_unknown_dependency) ... ok
test_unsafe_write_path (test_contract.ContractTests.test_unsafe_write_path) ... ok
test_valid_contract (test_contract.ContractTests.test_valid_contract) ... ok
test_wrong_surface_owner (test_contract.ContractTests.test_wrong_surface_owner) ... ok
test_complete_receipt_shape (test_contract.EvidenceTests.test_complete_receipt_shape) ... ok
test_criterion_omission_rejected (test_contract.EvidenceTests.test_criterion_omission_rejected) ... ok
test_empty_commands_rejected (test_contract.EvidenceTests.test_empty_commands_rejected) ... ok
test_evidence_path_escape_rejected (test_contract.EvidenceTests.test_evidence_path_escape_rejected) ... ok
test_final_release_requires_both_gates (test_contract.EvidenceTests.test_final_release_requires_both_gates) ... ok
test_noninteger_exit_code_rejected (test_contract.EvidenceTests.test_noninteger_exit_code_rejected) ... ok
test_not_applicable_requires_reason (test_contract.EvidenceTests.test_not_applicable_requires_reason) ... ok
test_not_run_never_passes (test_contract.EvidenceTests.test_not_run_never_passes) ... ok
test_pass_metrics_without_file_rejected (test_contract.EvidenceTests.test_pass_metrics_without_file_rejected) ... ok
test_pass_visual_without_captures_rejected (test_contract.EvidenceTests.test_pass_visual_without_captures_rejected) ... ok
test_apply_and_rerun_are_idempotent (test_contract.GitHubSyncTests.test_apply_and_rerun_are_idempotent) ... ok
test_dry_run_no_writes (test_contract.GitHubSyncTests.test_dry_run_no_writes) ... ok
test_fixed_repository_boundary (test_contract.GitHubSyncTests.test_fixed_repository_boundary) ... ok
test_foreign_parent_refused_before_post (test_contract.GitHubSyncTests.test_foreign_parent_refused_before_post) ... ok
test_marker_mismatch_refused (test_contract.GitHubSyncTests.test_marker_mismatch_refused) ... ok
test_no_fine_grained_dependency_collapsed_into_cycle (test_contract.GitHubSyncTests.test_no_fine_grained_dependency_collapsed_into_cycle) ... ok
test_partial_failure_is_not_success (test_contract.GitHubSyncTests.test_partial_failure_is_not_success) ... ok
test_final_gates_do_not_need_whole_S25 (test_contract.ReadinessTests.test_final_gates_do_not_need_whole_S25) ... ok
test_integration_precedes_final_gates (test_contract.ReadinessTests.test_integration_precedes_final_gates) ... ok
test_live_blocker_not_bypassed_by_parent_claim (test_contract.ReadinessTests.test_live_blocker_not_bypassed_by_parent_claim) ... ok
test_only_first_task_ready (test_contract.ReadinessTests.test_only_first_task_ready) ... ok
test_own_and_governance_codegen_serialize (test_contract.ReadinessTests.test_own_and_governance_codegen_serialize) ... ok
test_pass_without_receipt_rejected (test_contract.ReadinessTests.test_pass_without_receipt_rejected) ... ok
test_rework_invalidates_dependent_release_claims (test_contract.ReadinessTests.test_rework_invalidates_dependent_release_claims) ... ok
test_unknown_progress_node_fails (test_contract.ReadinessTests.test_unknown_progress_node_fails) ... ok
test_template_rejects_non_task (test_contract.TemplateTests.test_template_rejects_non_task) ... ok
test_template_starts_not_run_with_exact_criteria (test_contract.TemplateTests.test_template_starts_not_run_with_exact_criteria) ... ok

----------------------------------------------------------------------
Ran 83 tests in 2.420s

OK
