test_git_snapshot_uses_real_local_commits (test_adversarial.AdditionalIntegrity.test_git_snapshot_uses_real_local_commits) ... ok
test_reduced_github_dependencies_preserve_reachability (test_adversarial.AdditionalIntegrity.test_reduced_github_dependencies_preserve_reachability) ... ok
test_rendered_issues_match_plan (test_adversarial.AdditionalIntegrity.test_rendered_issues_match_plan) ... ok
test_sealing_known_proof_hashes (test_adversarial.AdditionalIntegrity.test_sealing_known_proof_hashes) ... ok
test_sealing_never_promotes_status (test_adversarial.AdditionalIntegrity.test_sealing_never_promotes_status) ... ok
test_inherited_cycle_rejected (test_adversarial.InheritedPrerequisites.test_inherited_cycle_rejected) ... ok
test_task_cannot_drop_parent_entry_gate (test_adversarial.InheritedPrerequisites.test_task_cannot_drop_parent_entry_gate) ... ok
test_bad_children_returns_diagnostic (test_adversarial.PlanHardening.test_bad_children_returns_diagnostic) ... ok
test_cross_node_criterion_id_rejected (test_adversarial.PlanHardening.test_cross_node_criterion_id_rejected) ... ok
test_empty_write_pattern_rejected (test_adversarial.PlanHardening.test_empty_write_pattern_rejected) ... ok
test_missing_requirements_rejected (test_adversarial.PlanHardening.test_missing_requirements_rejected) ... ok
test_orphan_task_rejected (test_adversarial.PlanHardening.test_orphan_task_rejected) ... ok
test_steps_must_be_string_array (test_adversarial.PlanHardening.test_steps_must_be_string_array) ... ok
test_surface_wrong_shape_rejected (test_adversarial.PlanHardening.test_surface_wrong_shape_rejected) ... ok
test_unsafe_exclusion_rejected (test_adversarial.PlanHardening.test_unsafe_exclusion_rejected) ... ok
test_contract_output_is_still_source (test_adversarial.ProofLifecycle.test_contract_output_is_still_source) ... ok
test_every_required_performance_task_names_its_gates (test_adversarial.ProofLifecycle.test_every_required_performance_task_names_its_gates) ... ok
test_native_gates_are_scoped_to_owner (test_adversarial.ProofLifecycle.test_native_gates_are_scoped_to_owner) ... ok
test_writing_receipt_does_not_invalidate_source (test_adversarial.ProofLifecycle.test_writing_receipt_does_not_invalidate_source) ... ok
test_artifact_content_change_rejected (test_adversarial.ReceiptHardening.test_artifact_content_change_rejected) ... ok
test_build_mismatch_rejected (test_adversarial.ReceiptHardening.test_build_mismatch_rejected) ... ok
test_changed_contract_rejected (test_adversarial.ReceiptHardening.test_changed_contract_rejected) ... ok
test_empty_artifact_rejected (test_adversarial.ReceiptHardening.test_empty_artifact_rejected) ... ok
test_evidence_failure_not_removed_by_hash (test_adversarial.ReceiptHardening.test_evidence_failure_not_removed_by_hash) ... ok
test_expected_failure_must_be_boolean (test_adversarial.ReceiptHardening.test_expected_failure_must_be_boolean) ... ok
test_gate_coverage_required (test_adversarial.ReceiptHardening.test_gate_coverage_required) ... ok
test_invalid_category_enum_rejected (test_adversarial.ReceiptHardening.test_invalid_category_enum_rejected) ... ok
test_mandatory_native_not_applicable_rejected (test_adversarial.ReceiptHardening.test_mandatory_native_not_applicable_rejected) ... ok
test_metrics_not_json_rejected (test_adversarial.ReceiptHardening.test_metrics_not_json_rejected) ... ok
test_missing_categories_rejected (test_adversarial.ReceiptHardening.test_missing_categories_rejected) ... ok
test_missing_native_decision_rejected (test_adversarial.ReceiptHardening.test_missing_native_decision_rejected) ... ok
test_negative_only_commands_not_sufficient (test_adversarial.ReceiptHardening.test_negative_only_commands_not_sufficient) ... ok
test_nonstring_head_diagnostic (test_adversarial.ReceiptHardening.test_nonstring_head_diagnostic) ... ok
test_null_head_diagnostic (test_adversarial.ReceiptHardening.test_null_head_diagnostic) ... ok
test_old_schema_rejected (test_adversarial.ReceiptHardening.test_old_schema_rejected) ... ok
test_path_outside_write_scope_rejected (test_adversarial.ReceiptHardening.test_path_outside_write_scope_rejected) ... ok
test_paths_changed_field_required (test_adversarial.ReceiptHardening.test_paths_changed_field_required) ... ok
test_review_pass_required (test_adversarial.ReceiptHardening.test_review_pass_required) ... ok
test_review_wrong_revision_rejected (test_adversarial.ReceiptHardening.test_review_wrong_revision_rejected) ... ok
test_text_named_screenshot_rejected (test_adversarial.ReceiptHardening.test_text_named_screenshot_rejected) ... ok
test_valid_fixture_remains_explicitly_synthetic (test_adversarial.ReceiptHardening.test_valid_fixture_remains_explicitly_synthetic) ... ok
test_absent_or_divergent_commit_rejected (test_adversarial.SourceFreshness.test_absent_or_divergent_commit_rejected) ... ok
test_changed_read_source_is_stale (test_adversarial.SourceFreshness.test_changed_read_source_is_stale) ... ok
test_final_release_watches_all_product_packages (test_adversarial.SourceFreshness.test_final_release_watches_all_product_packages) ... ok
test_uncommitted_source_is_stale (test_adversarial.SourceFreshness.test_uncommitted_source_is_stale) ... ok
test_unrelated_docs_change_not_stale (test_adversarial.SourceFreshness.test_unrelated_docs_change_not_stale) ... ok
test_01_source_complete_is_valid_not_product_proof (test_brand.BrandContractTests.test_01_source_complete_is_valid_not_product_proof) ... ok
test_02_altered_kit_bytes_fail (test_brand.BrandContractTests.test_02_altered_kit_bytes_fail) ... ok
test_03_two_required_copies_pass_optional_not_installed (test_brand.BrandContractTests.test_03_two_required_copies_pass_optional_not_installed) ... ok
test_04_missing_required_copy_fails (test_brand.BrandContractTests.test_04_missing_required_copy_fails) ... ok
test_05_variant_swapped_at_destination_fails (test_brand.BrandContractTests.test_05_variant_swapped_at_destination_fails) ... ok
test_06_required_destination_symlink_fails (test_brand.BrandContractTests.test_06_required_destination_symlink_fails) ... ok
test_07_source_path_escape_fails (test_brand.BrandContractTests.test_07_source_path_escape_fails) ... ok
test_08_destination_outside_scope_fails (test_brand.BrandContractTests.test_08_destination_outside_scope_fails) ... ok
test_09_brand_contract_changes_invalidate_receipt_digest (test_brand.BrandContractTests.test_09_brand_contract_changes_invalidate_receipt_digest) ... ok
test_10_no_legacy_redraw_instruction_in_s05 (test_brand.BrandContractTests.test_10_no_legacy_redraw_instruction_in_s05) ... ok
test_11_new_wrapper_has_exactly_one_owner (test_brand.BrandContractTests.test_11_new_wrapper_has_exactly_one_owner) ... ok
test_12_extra_source_file_fails (test_brand.BrandContractTests.test_12_extra_source_file_fails) ... ok
test_13_changed_layout_reference_fails (test_brand.BrandContractTests.test_13_changed_layout_reference_fails) ... ok
test_14_duplicate_map_entry_fails (test_brand.BrandContractTests.test_14_duplicate_map_entry_fails) ... ok
test_15_full_plan_inspection_refuses_brand_corruption (test_brand.BrandContractTests.test_15_full_plan_inspection_refuses_brand_corruption) ... ok
test_16_projection_uses_actual_version (test_brand.BrandContractTests.test_16_projection_uses_actual_version) ... ok
test_17_no_fonts_added_to_source_kit (test_brand.BrandContractTests.test_17_no_fonts_added_to_source_kit) ... ok
test_18_conditional_asset_cannot_be_copied_with_wrong_bytes (test_brand.BrandContractTests.test_18_conditional_asset_cannot_be_copied_with_wrong_bytes) ... ok
test_cycle_including_aggregate (test_contract.ContractTests.test_cycle_including_aggregate) ... ok
test_duplicate_id (test_contract.ContractTests.test_duplicate_id) ... ok
test_empty_axiom (test_contract.ContractTests.test_empty_axiom) ... ok
test_exclusive_known_hotspots (test_contract.ContractTests.test_exclusive_known_hotspots) ... FAIL
test_missing_axiom (test_contract.ContractTests.test_missing_axiom) ... ok
test_reference_hash_is_verified (test_contract.ContractTests.test_reference_hash_is_verified) ... ok
test_unknown_dependency (test_contract.ContractTests.test_unknown_dependency) ... ok
test_unsafe_write_path (test_contract.ContractTests.test_unsafe_write_path) ... ok
test_valid_contract (test_contract.ContractTests.test_valid_contract) ... ok
test_wrong_surface_owner (test_contract.ContractTests.test_wrong_surface_owner) ... ok
test_complete_receipt_shape (test_contract.EvidenceTests.test_complete_receipt_shape) ... ok
test_criterion_omission_rejected (test_contract.EvidenceTests.test_criterion_omission_rejected) ... ok
test_empty_commands_rejected (test_contract.EvidenceTests.test_empty_commands_rejected) ... ok
test_evidence_path_escape_rejected (test_contract.EvidenceTests.test_evidence_path_escape_rejected) ... ok
test_final_release_requires_both_gates (test_contract.EvidenceTests.test_final_release_requires_both_gates) ... ok
test_noninteger_exit_code_rejected (test_contract.EvidenceTests.test_noninteger_exit_code_rejected) ... ok
test_not_applicable_requires_reason (test_contract.EvidenceTests.test_not_applicable_requires_reason) ... ok
test_not_run_never_passes (test_contract.EvidenceTests.test_not_run_never_passes) ... ok
test_pass_metrics_without_file_rejected (test_contract.EvidenceTests.test_pass_metrics_without_file_rejected) ... ok
test_pass_visual_without_captures_rejected (test_contract.EvidenceTests.test_pass_visual_without_captures_rejected) ... ok
test_apply_and_rerun_are_idempotent (test_contract.GitHubSyncTests.test_apply_and_rerun_are_idempotent) ... ok
test_dry_run_no_writes (test_contract.GitHubSyncTests.test_dry_run_no_writes) ... ok
test_fixed_repository_boundary (test_contract.GitHubSyncTests.test_fixed_repository_boundary) ... ok
test_foreign_parent_refused_before_post (test_contract.GitHubSyncTests.test_foreign_parent_refused_before_post) ... ok
test_marker_mismatch_refused (test_contract.GitHubSyncTests.test_marker_mismatch_refused) ... ok
test_no_fine_grained_dependency_collapsed_into_cycle (test_contract.GitHubSyncTests.test_no_fine_grained_dependency_collapsed_into_cycle) ... ok
test_partial_failure_is_not_success (test_contract.GitHubSyncTests.test_partial_failure_is_not_success) ... ok
test_final_gates_do_not_need_whole_S25 (test_contract.ReadinessTests.test_final_gates_do_not_need_whole_S25) ... ok
test_integration_precedes_final_gates (test_contract.ReadinessTests.test_integration_precedes_final_gates) ... ok
test_live_blocker_not_bypassed_by_parent_claim (test_contract.ReadinessTests.test_live_blocker_not_bypassed_by_parent_claim) ... ok
test_only_first_task_ready (test_contract.ReadinessTests.test_only_first_task_ready) ... ok
test_own_and_governance_codegen_serialize (test_contract.ReadinessTests.test_own_and_governance_codegen_serialize) ... ok
test_pass_without_receipt_rejected (test_contract.ReadinessTests.test_pass_without_receipt_rejected) ... ok
test_rework_invalidates_dependent_release_claims (test_contract.ReadinessTests.test_rework_invalidates_dependent_release_claims) ... ok
test_unknown_progress_node_fails (test_contract.ReadinessTests.test_unknown_progress_node_fails) ... ok
test_template_rejects_non_task (test_contract.TemplateTests.test_template_rejects_non_task) ... ok
test_template_starts_not_run_with_exact_criteria (test_contract.TemplateTests.test_template_starts_not_run_with_exact_criteria) ... ok
test_H01_manual_PASS_over_bad_observations_rejected (test_repairs.CaptureRepairs.test_H01_manual_PASS_over_bad_observations_rejected) ... ok
test_R10_duplicate_capture_rejected (test_repairs.CaptureRepairs.test_R10_duplicate_capture_rejected) ... ok
test_R10_full_synthetic_matrix_passes_structure_only (test_repairs.CaptureRepairs.test_R10_full_synthetic_matrix_passes_structure_only) ... ok
test_R10_missing_settings_error_viewport_or_native_is_rejected (test_repairs.CaptureRepairs.test_R10_missing_settings_error_viewport_or_native_is_rejected) ... ok
test_R10_one_pixel_is_rejected (test_repairs.CaptureRepairs.test_R10_one_pixel_is_rejected) ... ok
test_R10_wrong_build_and_master_rejected (test_repairs.CaptureRepairs.test_R10_wrong_build_and_master_rejected) ... ok
test_R10_wrong_native_producer_rejected (test_repairs.CaptureRepairs.test_R10_wrong_native_producer_rejected) ... ok
test_H02_invalid_gate_shapes_fail_early (test_repairs.ContractRepairs.test_H02_invalid_gate_shapes_fail_early) ... ok
test_H02_registry_and_final_shape_fail_early (test_repairs.ContractRepairs.test_H02_registry_and_final_shape_fail_early) ... ok
test_R01_R02_complete_graph_including_failed_gate_and_retry (test_repairs.ContractRepairs.test_R01_R02_complete_graph_including_failed_gate_and_retry) ... ok
test_R01_producer_has_no_final_gate_obligation (test_repairs.ContractRepairs.test_R01_producer_has_no_final_gate_obligation) ... ok
test_R01_wrong_evaluation_stage_is_rejected (test_repairs.ContractRepairs.test_R01_wrong_evaluation_stage_is_rejected) ... ok
test_R02_pilot_before_broad_migration (test_repairs.ContractRepairs.test_R02_pilot_before_broad_migration) ... ok
test_R03_sidebar_has_single_writer (test_repairs.ContractRepairs.test_R03_sidebar_has_single_writer) ... ok
test_R03_wrong_surface_write_owner_rejected (test_repairs.ContractRepairs.test_R03_wrong_surface_write_owner_rejected) ... ok
test_R05_ancestor_change_invalidates_receipt (test_repairs.ContractRepairs.test_R05_ancestor_change_invalidates_receipt) ... ok
test_R05_every_normative_input_binds_release (test_repairs.ContractRepairs.test_R05_every_normative_input_binds_release) ... ok
test_R05_unrelated_notes_and_other_owner_do_not_invalidate (test_repairs.ContractRepairs.test_R05_unrelated_notes_and_other_owner_do_not_invalidate) ... ok
test_R06_discovery_and_pilot_are_historical_not_current_acceptance (test_repairs.ContractRepairs.test_R06_discovery_and_pilot_are_historical_not_current_acceptance) ... ok
test_R06_final_delivery_document_does_not_erase_pilot (test_repairs.ContractRepairs.test_R06_final_delivery_document_does_not_erase_pilot) ... ok
test_R06_invalid_receipt_selects_repair_not_global_deadlock (test_repairs.ContractRepairs.test_R06_invalid_receipt_selects_repair_not_global_deadlock) ... ok
test_R06_owned_output_and_final_gate_changes_still_invalidate (test_repairs.ContractRepairs.test_R06_owned_output_and_final_gate_changes_still_invalidate) ... ok
test_R08_benchmark_requires_quiet_host (test_repairs.ContractRepairs.test_R08_benchmark_requires_quiet_host) ... ok
test_R08_total_concurrency_zero_to_oversubscribed (test_repairs.ContractRepairs.test_R08_total_concurrency_zero_to_oversubscribed) ... ok
test_R03_actual_new_ui_requires_classification (test_repairs.GitRepairs.test_R03_actual_new_ui_requires_classification) ... ok
test_R03_inherited_ui_valid_with_coverage_and_wrong_owner_rejected (test_repairs.GitRepairs.test_R03_inherited_ui_valid_with_coverage_and_wrong_owner_rejected) ... ok
test_R04_codegen_lease_covers_actual_prefixes_and_serializes (test_repairs.GitRepairs.test_R04_codegen_lease_covers_actual_prefixes_and_serializes) ... ok
test_R04_codegen_requires_grant_command_and_recorded_outputs (test_repairs.GitRepairs.test_R04_codegen_requires_grant_command_and_recorded_outputs) ... ok
test_R07_interleaved_foreign_commit_rejected (test_repairs.GitRepairs.test_R07_interleaved_foreign_commit_rejected) ... ok
test_R07_preexisting_dirty_is_preserved_not_attributed (test_repairs.GitRepairs.test_R07_preexisting_dirty_is_preserved_not_attributed) ... ok
test_R07_preexisting_index_is_preserved (test_repairs.GitRepairs.test_R07_preexisting_index_is_preserved) ... ok
test_R07_real_out_of_scope_omission_rejected (test_repairs.GitRepairs.test_R07_real_out_of_scope_omission_rejected) ... ok
test_R07_rename_checks_both_paths (test_repairs.GitRepairs.test_R07_rename_checks_both_paths) ... ok
test_R07_valid_owned_commit_and_declared_extra (test_repairs.GitRepairs.test_R07_valid_owned_commit_and_declared_extra) ... ok
test_R07_verified_import_merge_allowed_but_conflict_rewrite_rejected (test_repairs.GitRepairs.test_R07_verified_import_merge_allowed_but_conflict_rewrite_rejected) ... ok
test_R09_current_ancestry_public_proof_valid (test_repairs.GitRepairs.test_R09_current_ancestry_public_proof_valid) ... ok
test_R09_installed_artifact_valid_and_changed_or_removed_fails (test_repairs.GitRepairs.test_R09_installed_artifact_valid_and_changed_or_removed_fails) ... ok
test_R09_missing_public_test_and_candidate_drift_rejected (test_repairs.GitRepairs.test_R09_missing_public_test_and_candidate_drift_rejected) ... ok
test_R09_unrelated_source_and_changed_receipt_rejected (test_repairs.GitRepairs.test_R09_unrelated_source_and_changed_receipt_rejected) ... ok
test_H03_truncated_missing_payload_CRC_dimension_and_filter (test_repairs.PNGRepairs.test_H03_truncated_missing_payload_CRC_dimension_and_filter) ... ok
test_H03_valid_png_decodes (test_repairs.PNGRepairs.test_H03_valid_png_decodes) ... ok
test_H01_NaN_and_negative (test_repairs.PerformanceRepairs.test_H01_NaN_and_negative) ... ok
test_H01_environment_workload_and_capabilities_mismatch (test_repairs.PerformanceRepairs.test_H01_environment_workload_and_capabilities_mismatch) ... ok
test_H01_insufficient_samples (test_repairs.PerformanceRepairs.test_H01_insufficient_samples) ... ok
test_H01_malformed_budget_rule_rejected (test_repairs.PerformanceRepairs.test_H01_malformed_budget_rule_rejected) ... ok
test_H01_missing_baseline_environment_or_observation (test_repairs.PerformanceRepairs.test_H01_missing_baseline_environment_or_observation) ... ok
test_H01_numeric_positive_control (test_repairs.PerformanceRepairs.test_H01_numeric_positive_control) ... ok
test_H01_one_noisy_pair_is_inconclusive_not_PASS (test_repairs.PerformanceRepairs.test_H01_one_noisy_pair_is_inconclusive_not_PASS) ... ok
test_H01_overbudget (test_repairs.PerformanceRepairs.test_H01_overbudget) ... ok
test_H01_unknown_or_untyped_gate_rejected (test_repairs.PerformanceRepairs.test_H01_unknown_or_untyped_gate_rejected) ... ok

======================================================================
FAIL: test_exclusive_known_hotspots (test_contract.ContractTests.test_exclusive_known_hotspots)
----------------------------------------------------------------------
Traceback (most recent call last):
  File "/mnt/data/orchestra-execution-plan-v4.1/tools/test_contract.py", line 77, in test_exclusive_known_hotspots
    self.assertEqual(result[files[1]], ['S05'])
    ~~~~~~~~~~~~~~~~^^^^^^^^^^^^^^^^^^^^^^^^^^^
AssertionError: Lists differ: [] != ['S05']

Second list contains 1 additional elements.
First extra element 0:
'S05'

- []
+ ['S05']

----------------------------------------------------------------------
Ran 151 tests in 28.403s

FAILED (failures=1)
